
 ets Jan  8 2013,rst cause:2, boot mode:(3,6)

load 0x40100000, len 7032, room 16
tail 8
chksum 0xed
load 0x3ffe8408, len 24, room 0
tail 8
chksum 0x54
load 0x3ffe8420, len 3328, room 0
tail 0
chksum 0x26
csum 0x26
I (43) boot: ESP-IDF v3.4-49-g0f200b46-dirty 2nd stage bootloader
I (43) boot: compile time 20:32:23
I (44) boot: SPI Speed      : 40MHz
I (50) boot: SPI Mode       : DOUT
I (57) boot: SPI Flash Size : 1MB
I (63) boot: Partition Table:
I (68) boot: ## Label            Usage          Type ST Offset   Length
I (79) boot:  0 nvs              WiFi data        01 02 00009000 00006000
I (91) boot:  1 phy_init         RF data          01 01 0000f000 00001000
I (102) boot:  2 factory          factory app      00 00 00010000 000f0000
I (114) boot: End of partition table
I (121) esp_image: segment 0: paddr=0x00010010 vaddr=0x40210010 size=0x16058 ( 90200) map
I (173) esp_image: segment 1: paddr=0x00026070 vaddr=0x40226068 size=0x05b4c ( 23372) map
I (184) esp_image: segment 2: paddr=0x0002bbc4 vaddr=0x3ffe8000 size=0x003e0 (   992) load
I (185) esp_image: segment 3: paddr=0x0002bfac vaddr=0x40100000 size=0x00080 (   128) load
I (198) esp_image: segment 4: paddr=0x0002c034 vaddr=0x40100080 size=0x04558 ( 17752) load
I (219) boot: Loaded app from partition at offset 0x10000
I (243) gpio: GPIO[0]| InputEn: 0| OutputEn: 1| OpenDrain: 1| Pullup: 1| Pulldown: 0| Intr:0
I (249) gpio: GPIO[2]| InputEn: 0| OutputEn: 1| OpenDrain: 1| Pullup: 1| Pulldown: 0| Intr:0
I (260) Test: The Unit Test unitTesti2cMasterInit_ has passed.
